
> freecloud-blog@1.0.0 build
> next build

Ôû▓ Next.js 16.1.6 (Turbopack)
- Environments: .env.local

  Creating an optimized production build ...
Ô£ô Compiled successfully in 7.5s
  Running TypeScript ...
  Collecting page data using 11 workers ...
  Generating static pages using 11 workers (0/31) ...
  Generating static pages using 11 workers (7/31) 
LaTeX-incompatible input and strict mode is set to 'warn': % comment has no terminating newline; LaTeX would fail because of commenting the end of math mode (e.g. $) [commentAtEnd]
  Generating static pages using 11 workers (15/31) 
  Generating static pages using 11 workers (23/31) 
Ô£ô Generating static pages using 11 workers (31/31) in 1776.8ms
  Finalizing page optimization ...

Route (app)
Ôöî Ôùï /
Ôö£ Ôùï /_not-found
Ôö£ Ôùï /admin
Ôö£ Ôùï /admin/categories
Ôö£ Ôùï /admin/contacts
Ôö£ ãÆ /admin/login
Ôö£ Ôùï /admin/posts
Ôö£ ãÆ /admin/posts/[id]/edit
Ôö£ Ôùï /admin/posts/new
Ôö£ ãÆ /api/contact
Ôö£ ãÆ /api/newsletter
Ôö£ Ôùï /apps
Ôö£ Ôùï /apps/calculadora-sismica
Ôö£ ãÆ /blog
Ôö£ ÔùÅ /blog/[slug]
Ôöé Ôö£ /blog/predimensionamiento-columnas-vigas-e060-practico
Ôöé Ôö£ /blog/excel-plantilla-metrados-obra-automatica
Ôöé Ôö£ /blog/revit-api-python-pyrevit-programacion-bim
Ôöé Ôöö [+10 more paths]
Ôö£ Ôùï /recursos
Ôö£ Ôùï /robots.txt
Ôö£ Ôùï /sitemap.xml
Ôöö Ôùï /sobre-mi


ãÆ Proxy (Middleware)

Ôùï  (Static)   prerendered as static content
ÔùÅ  (SSG)      prerendered as static HTML (uses generateStaticParams)
ãÆ  (Dynamic)  server-rendered on demand

